// Jest Snapshot v1, https://goo.gl/fbAQLP

exports[`Exit Menu DropDown renders correctly 1`] = `
<button
  className="ant-btn ant-btn-icon-only ant-dropdown-trigger exit_menu_dropdown"
  id="exit_menu_button"
  onClick={[Function]}
  onMouseDown={[Function]}
  onTouchStart={[Function]}
  type="button"
>
  <span
    aria-label="caret-up"
    className="anticon anticon-caret-up exit_menu_ellipsis_icon"
    role="img"
  >
    <svg
      aria-hidden="true"
      data-icon="caret-up"
      fill="currentColor"
      focusable="false"
      height="1em"
      viewBox="0 0 1024 1024"
      width="1em"
    >
      <path
        d="M858.9 689L530.5 308.2c-9.4-10.9-27.5-10.9-37 0L165.1 689c-12.2 14.2-1.2 35 18.5 35h656.8c19.7 0 30.7-20.8 18.5-35z"
      />
    </svg>
  </span>
</button>
`;
